[datalogviewer.com/index.html]
[backblue.gif]
[fade.gif]
[index.html]
[datalogviewer.com/assets/img/favicon.ico]
[use.fontawesome.com/releases/v5.13.0/js/all.js]
[datalogviewer.com/css/styles.css]
[datalogviewer.com/css/button.css]
[datalogviewer.com/index-2.html]
[data.datalogviewer.com/index.html]
[cdnjs.cloudflare.com/ajax/libs/jquery/3.5.1/jquery.min.js]
[stackpath.bootstrapcdn.com/bootstrap/4.5.0/js/bootstrap.bundle.min.js]
[cdnjs.cloudflare.com/ajax/libs/jquery-easing/1.4.1/jquery.easing.min.js]
[datalogviewer.com/assets/mail/jqBootstrapValidation.js]
[datalogviewer.com/assets/mail/contact_me.js]
[datalogviewer.com/js/scripts.js]
[code.jquery.com/jquery-3.3.1.js]
[datalogviewer.com/footer.html]
[www.googletagmanager.com/gtag/js0f23]
[datalogviewer.com/index.html]
[fonts.googleapis.com/csse3e5.css]
[fonts.googleapis.com/css4391.css]
[fonts.googleapis.com/css546d.css]
[datalogviewer.com/index-2.html]
[data.datalogviewer.com/_favicon28b5.ico]
[data.datalogviewer.com/assets/slate_bootstrape2a5.css]
[data.datalogviewer.com/_dash-component-suites/dash/deps/polyfill@7.v2_0_0m1639694345.12.1.min.js]
[data.datalogviewer.com/_dash-component-suites/dash/deps/react@16.v2_0_0m1639694345.14.0.min.js]
[data.datalogviewer.com/_dash-component-suites/dash/deps/react-dom@16.v2_0_0m1639694345.14.0.min.js]
[data.datalogviewer.com/_dash-component-suites/dash/deps/prop-types@15.v2_0_0m1639694345.7.2.min.js]
[data.datalogviewer.com/_dash-component-suites/dash_bootstrap_components/_components/dash_bootstrap_components.v0_13_1m1639694345.min.js]
[data.datalogviewer.com/_dash-component-suites/dash/dash-renderer/build/dash_renderer.v2_0_0m1639694345.min.js]
[data.datalogviewer.com/_dash-component-suites/dash/dcc/dash_core_components.v2_0_0m1639694345.js]
[data.datalogviewer.com/_dash-component-suites/dash/dcc/dash_core_components-shared.v2_0_0m1639694345.js]
[data.datalogviewer.com/_dash-component-suites/dash/html/dash_html_components.v2_0_0m1639694345.min.js]
[data.datalogviewer.com/index.html]
[data.datalogviewer.com/_dash-component-suites/dash/dash_table/bundle.v5_0_0m1639694345.js]
[datalogviewer.com/about.html]
[datalogviewer.com/footer.html]
[datalogviewer.com/about.html]
[stackpath.bootstrapcdn.com/bootstrap/4.5.0/js/bootstrap.bundle.min.js]
[fonts.googleapis.com/csse3e5.css]
[www.googletagmanager.com/gtag/js0f23]
[data.datalogviewer.com/_favicon28b5.ico]
[cdnjs.cloudflare.com/ajax/libs/jquery/3.5.1/jquery.min.js]
[cdnjs.cloudflare.com/ajax/libs/jquery-easing/1.4.1/jquery.easing.min.js]
[data.datalogviewer.com/_dash-component-suites/dash/deps/polyfill@7.v2_0_0m1639694345.12.1.min.js]
[data.datalogviewer.com/_dash-component-suites/dash/deps/react@16.v2_0_0m1639694345.14.0.min.js]
[datalogviewer.com/assets/img/header-bg.jpg]
[data.datalogviewer.com/_dash-component-suites/dash/deps/react-dom@16.v2_0_0m1639694345.14.0.min.js]
[datalogviewer.com/assets/img/map-image.png]
[datalogviewer.com/css/styles.css]
[datalogviewer.com/css/button.css]
[datalogviewer.com/assets/img/navbar-logo.svg]
[data.datalogviewer.com/_dash-component-suites/dash/deps/prop-types@15.v2_0_0m1639694345.7.2.min.js]
[datalogviewer.com/footer.html]
[data.datalogviewer.com/_dash-component-suites/dash_bootstrap_components/_components/dash_bootstrap_components.v0_13_1m1639694345.min.js]
[data.datalogviewer.com/_dash-component-suites/dash/dash-renderer/build/dash_renderer.v2_0_0m1639694345.min.js]
[data.datalogviewer.com/assets/slate_bootstrape2a5.css]
[data.datalogviewer.com/_dash-component-suites/dash/dcc/dash_core_components-shared.v2_0_0m1639694345.js]
[datalogviewer.com/about.html]
